app/(auth)/sign-in.tsx(88,24): error TS2345: Argument of type '"/(driver)/tabs/home"' is not assignable to parameter of type '"/" | RelativePathString | ExternalPathString | `/?${string}` | `/#${string}` | "/../components/HomeScreen/SearchBar/index" | `/../components/HomeScreen/SearchBar/index?${string}` | `/../components/HomeScreen/SearchBar/index#${string}` | ... 71 more ... | { ...; }'.
app/index.tsx(18,26): error TS2345: Argument of type '"/(driver)/tabs/home"' is not assignable to parameter of type '"/" | RelativePathString | ExternalPathString | `/?${string}` | `/#${string}` | "/../components/HomeScreen/SearchBar/index" | `/../components/HomeScreen/SearchBar/index?${string}` | `/../components/HomeScreen/SearchBar/index#${string}` | ... 71 more ... | { ...; }'.
components/HomeScreen/ConversationList/index.tsx(38,28): error TS2339: Property 'recalled' does not exist on type 'LastMessage'.
components/HomeScreen/ConversationList/index.tsx(76,25): error TS2339: Property 'email' does not exist on type 'ChatParticipant'.
node_modules/react-native-swiper-flatlist/src/components/SwiperFlatList/SwiperFlatList.tsx(238,7): error TS2322: Type 'RefObject<FlatList<unknown> | null>' is not assignable to type 'RefObject<FlatList<unknown>>'.
  Type 'FlatList<unknown> | null' is not assignable to type 'FlatList<unknown>'.
    Type 'null' is not assignable to type 'FlatList<unknown>'.
services/rideStatusPoller.ts(2,15): error TS2305: Module '"@/types/type"' has no exported member 'RideStatusSyncData'.
